Archive member included to satisfy reference by file (symbol)

c:/ac6/systemworkbench/plugins/fr.ac6.mcu.externaltools.arm-none.win32_1.16.0.201807130628/tools/compiler/bin/../lib/gcc/arm-none-eabi/7.2.1/thumb/v7-m\libgcc.a(_arm_addsubdf3.o)
                              src/tm_stm32f4_fatfs.o (__aeabi_ui2d)
c:/ac6/systemworkbench/plugins/fr.ac6.mcu.externaltools.arm-none.win32_1.16.0.201807130628/tools/compiler/bin/../lib/gcc/arm-none-eabi/7.2.1/thumb/v7-m\libgcc.a(_arm_muldivdf3.o)
                              src/tm_stm32f4_fatfs.o (__aeabi_dmul)
c:/ac6/systemworkbench/plugins/fr.ac6.mcu.externaltools.arm-none.win32_1.16.0.201807130628/tools/compiler/bin/../lib/gcc/arm-none-eabi/7.2.1/thumb/v7-m\libgcc.a(_arm_fixunsdfsi.o)
                              src/tm_stm32f4_fatfs.o (__aeabi_d2uiz)
c:/ac6/systemworkbench/plugins/fr.ac6.mcu.externaltools.arm-none.win32_1.16.0.201807130628/tools/compiler/bin/../lib/gcc/arm-none-eabi/7.2.1/../../../../arm-none-eabi/lib/thumb/v7-m\libc.a(lib_a-errno.o)
                              src/syscalls.o (__errno)
c:/ac6/systemworkbench/plugins/fr.ac6.mcu.externaltools.arm-none.win32_1.16.0.201807130628/tools/compiler/bin/../lib/gcc/arm-none-eabi/7.2.1/../../../../arm-none-eabi/lib/thumb/v7-m\libc.a(lib_a-exit.o)
                              c:/ac6/systemworkbench/plugins/fr.ac6.mcu.externaltools.arm-none.win32_1.16.0.201807130628/tools/compiler/bin/../lib/gcc/arm-none-eabi/7.2.1/../../../../arm-none-eabi/lib/thumb/v7-m/crt0.o (exit)
c:/ac6/systemworkbench/plugins/fr.ac6.mcu.externaltools.arm-none.win32_1.16.0.201807130628/tools/compiler/bin/../lib/gcc/arm-none-eabi/7.2.1/../../../../arm-none-eabi/lib/thumb/v7-m\libc.a(lib_a-impure.o)
                              c:/ac6/systemworkbench/plugins/fr.ac6.mcu.externaltools.arm-none.win32_1.16.0.201807130628/tools/compiler/bin/../lib/gcc/arm-none-eabi/7.2.1/../../../../arm-none-eabi/lib/thumb/v7-m\libc.a(lib_a-exit.o) (_global_impure_ptr)
c:/ac6/systemworkbench/plugins/fr.ac6.mcu.externaltools.arm-none.win32_1.16.0.201807130628/tools/compiler/bin/../lib/gcc/arm-none-eabi/7.2.1/../../../../arm-none-eabi/lib/thumb/v7-m\libc.a(lib_a-init.o)
                              c:/ac6/systemworkbench/plugins/fr.ac6.mcu.externaltools.arm-none.win32_1.16.0.201807130628/tools/compiler/bin/../lib/gcc/arm-none-eabi/7.2.1/../../../../arm-none-eabi/lib/thumb/v7-m/crt0.o (__libc_init_array)
c:/ac6/systemworkbench/plugins/fr.ac6.mcu.externaltools.arm-none.win32_1.16.0.201807130628/tools/compiler/bin/../lib/gcc/arm-none-eabi/7.2.1/../../../../arm-none-eabi/lib/thumb/v7-m\libc.a(lib_a-malloc.o)
                              fatfs/option/syscall.o (malloc)
c:/ac6/systemworkbench/plugins/fr.ac6.mcu.externaltools.arm-none.win32_1.16.0.201807130628/tools/compiler/bin/../lib/gcc/arm-none-eabi/7.2.1/../../../../arm-none-eabi/lib/thumb/v7-m\libc.a(lib_a-mallocr.o)
                              c:/ac6/systemworkbench/plugins/fr.ac6.mcu.externaltools.arm-none.win32_1.16.0.201807130628/tools/compiler/bin/../lib/gcc/arm-none-eabi/7.2.1/../../../../arm-none-eabi/lib/thumb/v7-m\libc.a(lib_a-malloc.o) (_malloc_r)
c:/ac6/systemworkbench/plugins/fr.ac6.mcu.externaltools.arm-none.win32_1.16.0.201807130628/tools/compiler/bin/../lib/gcc/arm-none-eabi/7.2.1/../../../../arm-none-eabi/lib/thumb/v7-m\libc.a(lib_a-memset.o)
                              c:/ac6/systemworkbench/plugins/fr.ac6.mcu.externaltools.arm-none.win32_1.16.0.201807130628/tools/compiler/bin/../lib/gcc/arm-none-eabi/7.2.1/../../../../arm-none-eabi/lib/thumb/v7-m/crt0.o (memset)
c:/ac6/systemworkbench/plugins/fr.ac6.mcu.externaltools.arm-none.win32_1.16.0.201807130628/tools/compiler/bin/../lib/gcc/arm-none-eabi/7.2.1/../../../../arm-none-eabi/lib/thumb/v7-m\libc.a(lib_a-mlock.o)
                              c:/ac6/systemworkbench/plugins/fr.ac6.mcu.externaltools.arm-none.win32_1.16.0.201807130628/tools/compiler/bin/../lib/gcc/arm-none-eabi/7.2.1/../../../../arm-none-eabi/lib/thumb/v7-m\libc.a(lib_a-mallocr.o) (__malloc_lock)
c:/ac6/systemworkbench/plugins/fr.ac6.mcu.externaltools.arm-none.win32_1.16.0.201807130628/tools/compiler/bin/../lib/gcc/arm-none-eabi/7.2.1/../../../../arm-none-eabi/lib/thumb/v7-m\libc.a(lib_a-sbrkr.o)
                              c:/ac6/systemworkbench/plugins/fr.ac6.mcu.externaltools.arm-none.win32_1.16.0.201807130628/tools/compiler/bin/../lib/gcc/arm-none-eabi/7.2.1/../../../../arm-none-eabi/lib/thumb/v7-m\libc.a(lib_a-mallocr.o) (_sbrk_r)
c:/ac6/systemworkbench/plugins/fr.ac6.mcu.externaltools.arm-none.win32_1.16.0.201807130628/tools/compiler/bin/../lib/gcc/arm-none-eabi/7.2.1/../../../../arm-none-eabi/lib/thumb/v7-m\libc.a(lib_a-sprintf.o)
                              src/tm_stm32f4_fatfs.o (sprintf)
c:/ac6/systemworkbench/plugins/fr.ac6.mcu.externaltools.arm-none.win32_1.16.0.201807130628/tools/compiler/bin/../lib/gcc/arm-none-eabi/7.2.1/../../../../arm-none-eabi/lib/thumb/v7-m\libc.a(lib_a-strcpy.o)
                              src/tm_stm32f4_fatfs.o (strcpy)
[...]
Memory Configuration

Name             Origin             Length             Attributes
FLASH            0x08000000         0x00020000         xr
RAM              0x20000000         0x00005000         xrw
MEMORY_B1        0x60000000         0x00000000         xr
*default*        0x00000000         0xffffffff

Linker script and memory map

LOAD c:/ac6/systemworkbench/plugins/fr.ac6.mcu.externaltools.arm-none.win32_1.16.0.201807130628/tools/compiler/bin/../lib/gcc/arm-none-eabi/7.2.1/thumb/v7-m/crti.o
LOAD c:/ac6/systemworkbench/plugins/fr.ac6.mcu.externaltools.arm-none.win32_1.16.0.201807130628/tools/compiler/bin/../lib/gcc/arm-none-eabi/7.2.1/thumb/v7-m/crtbegin.o
LOAD c:/ac6/systemworkbench/plugins/fr.ac6.mcu.externaltools.arm-none.win32_1.16.0.201807130628/tools/compiler/bin/../lib/gcc/arm-none-eabi/7.2.1/../../../../arm-none-eabi/lib/thumb/v7-m/crt0.o
LOAD StdPeriph_Driver/src/misc.o
LOAD StdPeriph_Driver/src/stm32f10x_adc.o
LOAD StdPeriph_Driver/src/stm32f10x_bkp.o
LOAD StdPeriph_Driver/src/stm32f10x_can.o
LOAD StdPeriph_Driver/src/stm32f10x_cec.o
LOAD StdPeriph_Driver/src/stm32f10x_crc.o
LOAD StdPeriph_Driver/src/stm32f10x_dac.o
LOAD StdPeriph_Driver/src/stm32f10x_dbgmcu.o
LOAD StdPeriph_Driver/src/stm32f10x_dma.o
LOAD StdPeriph_Driver/src/stm32f10x_exti.o
LOAD StdPeriph_Driver/src/stm32f10x_flash.o
LOAD StdPeriph_Driver/src/stm32f10x_fsmc.o
LOAD StdPeriph_Driver/src/stm32f10x_gpio.o
LOAD StdPeriph_Driver/src/stm32f10x_i2c.o
LOAD StdPeriph_Driver/src/stm32f10x_iwdg.o
LOAD StdPeriph_Driver/src/stm32f10x_pwr.o
LOAD StdPeriph_Driver/src/stm32f10x_rcc.o
LOAD StdPeriph_Driver/src/stm32f10x_rtc.o
LOAD StdPeriph_Driver/src/stm32f10x_sdio.o
LOAD StdPeriph_Driver/src/stm32f10x_spi.o
LOAD StdPeriph_Driver/src/stm32f10x_tim.o
LOAD StdPeriph_Driver/src/stm32f10x_usart.o
LOAD StdPeriph_Driver/src/stm32f10x_wwdg.o
LOAD Utilities/STM32F1xx-Nucleo/stm32f1xx_nucleo.o
LOAD fatfs/diskio.o
LOAD fatfs/ff.o
LOAD fatfs/drivers/fatfs_sd.o
LOAD fatfs/option/ccsbcs.o
LOAD fatfs/option/syscall.o
LOAD fatfs/option/unicode.o
LOAD src/main.o
LOAD src/stm_drivers.o
LOAD src/syscalls.o
LOAD src/system_stm32f10x.o
LOAD src/tm_delay.o
LOAD src/tm_stm32f4_fatfs.o
LOAD startup/startup_stm32f10x_md.o
LOAD c:/ac6/systemworkbench/plugins/fr.ac6.mcu.externaltools.arm-none.win32_1.16.0.201807130628/tools/compiler/bin/../lib/gcc/arm-none-eabi/7.2.1/../../../../arm-none-eabi/lib/thumb/v7-m\libm.a
START GROUP
LOAD c:/ac6/systemworkbench/plugins/fr.ac6.mcu.externaltools.arm-none.win32_1.16.0.201807130628/tools/compiler/bin/../lib/gcc/arm-none-eabi/7.2.1/thumb/v7-m\libgcc.a
LOAD c:/ac6/systemworkbench/plugins/fr.ac6.mcu.externaltools.arm-none.win32_1.16.0.201807130628/tools/compiler/bin/../lib/gcc/arm-none-eabi/7.2.1/../../../../arm-none-eabi/lib/thumb/v7-m\libc.a
END GROUP
LOAD c:/ac6/systemworkbench/plugins/fr.ac6.mcu.externaltools.arm-none.win32_1.16.0.201807130628/tools/compiler/bin/../lib/gcc/arm-none-eabi/7.2.1/thumb/v7-m/crtend.o
LOAD c:/ac6/systemworkbench/plugins/fr.ac6.mcu.externaltools.arm-none.win32_1.16.0.201807130628/tools/compiler/bin/../lib/gcc/arm-none-eabi/7.2.1/thumb/v7-m/crtn.o
                0x20005000                _estack = 0x20005000
                0x00000000                _Min_Heap_Size = 0x0
                0x00000100                _Min_Stack_Size = 0x100

.isr_vector     0x08000000      0x10c
                0x08000000                . = ALIGN (0x4)
 *(.isr_vector)
 .isr_vector    0x08000000      0x10c startup/startup_stm32f10x_md.o
                0x08000000                g_pfnVectors
                0x0800010c                . = ALIGN (0x4)

.text           0x0800010c     0x5150
                0x0800010c                . = ALIGN (0x4)
 *(.text)
 .text          0x0800010c       0x40 c:/ac6/systemworkbench/plugins/fr.ac6.mcu.externaltools.arm-none.win32_1.16.0.201807130628/tools/compiler/bin/../lib/gcc/arm-none-eabi/7.2.1/thumb/v7-m/crtbegin.o
 *(.text*)
 .text.GPIO_Init
                0x0800014c      0x178 StdPeriph_Driver/src/stm32f10x_gpio.o
                0x0800014c                GPIO_Init
 .text.GPIO_SetBits
                0x080002c4       0x1c StdPeriph_Driver/src/stm32f10x_gpio.o
                0x080002c4                GPIO_SetBits
 .text.GPIO_ResetBits
                0x080002e0       0x1c StdPeriph_Driver/src/stm32f10x_gpio.o
                0x080002e0                GPIO_ResetBits
 .text.RCC_APB2PeriphClockCmd
                0x080002fc       0x3c StdPeriph_Driver/src/stm32f10x_rcc.o
                0x080002fc                RCC_APB2PeriphClockCmd
 .text.SPI_Init
                0x08000338       0x86 StdPeriph_Driver/src/stm32f10x_spi.o
                0x08000338                SPI_Init
 .text.SPI_Cmd  0x080003be       0x3e StdPeriph_Driver/src/stm32f10x_spi.o
                0x080003be                SPI_Cmd
 .text.disk_initialize
                0x080003fc       0x44 fatfs/diskio.o
                0x080003fc                disk_initialize
 .text.disk_status
                0x08000440       0x48 fatfs/diskio.o
                0x08000440                disk_status
 .text.disk_read
                0x08000488       0x5c fatfs/diskio.o
                0x08000488                disk_read
 .text.disk_write
                0x080004e4       0x5c fatfs/diskio.o
                0x080004e4                disk_write
 .text.disk_ioctl
                0x08000540       0x54 fatfs/diskio.o
                0x08000540                disk_ioctl
 .text.get_fattime
                0x08000594       0x14 fatfs/diskio.o
                0x08000594                get_fattime
 .text.TM_FATFS_USB_disk_initialize
                0x080005a8        0xe fatfs/diskio.o
                0x080005a8                TM_FATFS_USB_disk_initialize
 .text.TM_FATFS_SDRAM_disk_initialize
                0x080005b6        0xe fatfs/diskio.o
                0x080005b6                TM_FATFS_SDRAM_disk_initialize
 .text.TM_FATFS_SPI_FLASH_disk_initialize
                0x080005c4        0xe fatfs/diskio.o
                0x080005c4                TM_FATFS_SPI_FLASH_disk_initialize
 .text.TM_FATFS_USB_disk_status
                0x080005d2        0xe fatfs/diskio.o
                0x080005d2                TM_FATFS_USB_disk_status
 .text.TM_FATFS_SDRAM_disk_status
                0x080005e0        0xe fatfs/diskio.o
                0x080005e0                TM_FATFS_SDRAM_disk_status
 .text.TM_FATFS_SPI_FLASH_disk_status
                0x080005ee        0xe fatfs/diskio.o
                0x080005ee                TM_FATFS_SPI_FLASH_disk_status
 .text.TM_FATFS_USB_disk_ioctl
                0x080005fc       0x18 fatfs/diskio.o
                0x080005fc                TM_FATFS_USB_disk_ioctl
 .text.TM_FATFS_SDRAM_disk_ioctl
                0x08000614       0x18 fatfs/diskio.o
                0x08000614                TM_FATFS_SDRAM_disk_ioctl
 .text.TM_FATFS_SPI_FLASH_disk_ioctl
                0x0800062c       0x18 fatfs/diskio.o
                0x0800062c                TM_FATFS_SPI_FLASH_disk_ioctl
 .text.TM_FATFS_USB_disk_read
                0x08000644       0x18 fatfs/diskio.o
                0x08000644                TM_FATFS_USB_disk_read
 .text.TM_FATFS_SDRAM_disk_read
                0x0800065c       0x18 fatfs/diskio.o
                0x0800065c                TM_FATFS_SDRAM_disk_read
 .text.TM_FATFS_SPI_FLASH_disk_read
                0x08000674       0x18 fatfs/diskio.o
                0x08000674                TM_FATFS_SPI_FLASH_disk_read
 .text.TM_FATFS_USB_disk_write
                0x0800068c       0x18 fatfs/diskio.o
                0x0800068c                TM_FATFS_USB_disk_write
 .text.TM_FATFS_SDRAM_disk_write
                0x080006a4       0x18 fatfs/diskio.o
                0x080006a4                TM_FATFS_SDRAM_disk_write
 .text.TM_FATFS_SPI_FLASH_disk_write
                0x080006bc       0x18 fatfs/diskio.o
                0x080006bc                TM_FATFS_SPI_FLASH_disk_write
 .text.mem_cpy  0x080006d4       0x3a fatfs/ff.o
 .text.mem_set  0x0800070e       0x32 fatfs/ff.o
 .text.mem_cmp  0x08000740       0x4c fatfs/ff.o
 .text.chk_chr  0x0800078c       0x34 fatfs/ff.o
 .text.sync_window
                0x080007c0       0x88 fatfs/ff.o
 .text.move_window
                0x08000848       0x5a fatfs/ff.o
 .text.sync_fs  0x080008a2      0x144 fatfs/ff.o
 .text.clust2sect
                0x080009e6       0x3c fatfs/ff.o
                0x080009e6                clust2sect
 .text.get_fat  0x08000a22      0x172 fatfs/ff.o
                0x08000a22                get_fat
 .text.put_fat  0x08000b94      0x212 fatfs/ff.o
                0x08000b94                put_fat
 .text.remove_chain
                0x08000da6       0xa6 fatfs/ff.o
 .text.create_chain
                0x08000e4c      0x126 fatfs/ff.o
 .text.dir_sdi  0x08000f72       0xfe fatfs/ff.o
 .text.dir_next
                0x08001070      0x1a6 fatfs/ff.o
 .text.dir_alloc
                0x08001216       0x8c fatfs/ff.o
 .text.ld_clust
                0x080012a2       0x58 fatfs/ff.o
 .text.st_clust
                0x080012fa       0x4c fatfs/ff.o
 *fill*         0x08001346        0x2 
 .text.cmp_lfn  0x08001348       0xdc fatfs/ff.o
 .text.fit_lfn  0x08001424       0xe8 fatfs/ff.o
 .text.gen_numname
                0x0800150c      0x11e fatfs/ff.o
 .text.sum_sfn  0x0800162a       0x40 fatfs/ff.o
 .text.dir_find
                0x0800166a      0x168 fatfs/ff.o
 *fill*         0x080017d2        0x2 
 .text.dir_register
                0x080017d4      0x200 fatfs/ff.o
 .text.create_name
                0x080019d4      0x3f8 fatfs/ff.o
 .text.follow_path
                0x08001dcc      0x106 fatfs/ff.o
 *fill*         0x08001ed2        0x2 
 .text.get_ldnumber
                0x08001ed4      0x10c fatfs/ff.o
 .text.check_fs
                0x08001fe0       0xd0 fatfs/ff.o
 .text.find_volume
                0x080020b0      0x568 fatfs/ff.o
 .text.validate
                0x08002618       0x5a fatfs/ff.o
 *fill*         0x08002672        0x2 
 .text.f_mount  0x08002674       0x88 fatfs/ff.o
                0x08002674                f_mount
 .text.f_open   0x080026fc      0x29e fatfs/ff.o
                0x080026fc                f_open
 .text.f_write  0x0800299a      0x2d8 fatfs/ff.o
                0x0800299a                f_write
 .text.f_sync   0x08002c72      0x150 fatfs/ff.o
                0x08002c72                f_sync
 .text.f_close  0x08002dc2       0x38 fatfs/ff.o
                0x08002dc2                f_close
 .text.f_lseek  0x08002dfa      0x266 fatfs/ff.o
                0x08002dfa                f_lseek
 .text.f_getfree
                0x08003060      0x188 fatfs/ff.o
                0x08003060                f_getfree
 .text.putc_bfd
                0x080031e8       0x7a fatfs/ff.o
 *fill*         0x08003262        0x2 
 .text.f_printf
                0x08003264      0x434 fatfs/ff.o
                0x08003264                f_printf
 .text.open_append
                0x08003698       0x44 fatfs/ff.o
                0x08003698                open_append
 .text.TM_SPI_Send
                0x080036dc       0x74 fatfs/drivers/fatfs_sd.o
 .text.Delayms  0x08003750       0x58 fatfs/drivers/fatfs_sd.o
 .text.init_spi
                0x080037a8       0x24 fatfs/drivers/fatfs_sd.o
 .text.rcvr_spi_multi
                0x080037cc       0x24 fatfs/drivers/fatfs_sd.o
 .text.xmit_spi_multi
                0x080037f0       0x20 fatfs/drivers/fatfs_sd.o
 .text.wait_ready
                0x08003810       0x44 fatfs/drivers/fatfs_sd.o
 .text.deselect
                0x08003854       0x20 fatfs/drivers/fatfs_sd.o
 .text.select_t
                0x08003874       0x38 fatfs/drivers/fatfs_sd.o
 .text.rcvr_datablock
                0x080038ac       0x60 fatfs/drivers/fatfs_sd.o
 .text.xmit_datablock
                0x0800390c       0x70 fatfs/drivers/fatfs_sd.o
 .text.send_cmd
                0x0800397c       0xf4 fatfs/drivers/fatfs_sd.o
 .text.TM_FATFS_InitPins
                0x08003a70       0x18 fatfs/drivers/fatfs_sd.o
                0x08003a70                TM_FATFS_InitPins
 .text.TM_FATFS_Detect
                0x08003a88        0xe fatfs/drivers/fatfs_sd.o
                0x08003a88                TM_FATFS_Detect
 .text.TM_FATFS_WriteEnabled
                0x08003a96        0xe fatfs/drivers/fatfs_sd.o
                0x08003a96                TM_FATFS_WriteEnabled
 .text.TM_FATFS_SD_disk_initialize
                0x08003aa4      0x1d0 fatfs/drivers/fatfs_sd.o
                0x08003aa4                TM_FATFS_SD_disk_initialize
 .text.TM_FATFS_SD_disk_status
                0x08003c74       0x4c fatfs/drivers/fatfs_sd.o
                0x08003c74                TM_FATFS_SD_disk_status
 .text.TM_FATFS_SD_disk_read
                0x08003cc0       0xc4 fatfs/drivers/fatfs_sd.o
                0x08003cc0                TM_FATFS_SD_disk_read
 .text.TM_FATFS_SD_disk_write
                0x08003d84      0x100 fatfs/drivers/fatfs_sd.o
                0x08003d84                TM_FATFS_SD_disk_write
 .text.TM_FATFS_SD_disk_ioctl
                0x08003e84      0x2e8 fatfs/drivers/fatfs_sd.o
                0x08003e84                TM_FATFS_SD_disk_ioctl
 .text.ff_convert
                0x0800416c       0x74 fatfs/option/ccsbcs.o
                0x0800416c                ff_convert
 .text.ff_wtoupper
                0x080041e0       0x5c fatfs/option/ccsbcs.o
                0x080041e0                ff_wtoupper
 .text.ff_memalloc
                0x0800423c       0x18 fatfs/option/syscall.o
                0x0800423c                ff_memalloc
 .text.ff_memfree
                0x08004254       0x16 fatfs/option/syscall.o
                0x08004254                ff_memfree
 *fill*         0x0800426a        0x2 
 .text.main     0x0800426c       0x84 src/main.o
                0x0800426c                main
 .text.TM_SPI_Init_LL
                0x080042f0       0x84 src/stm_drivers.o
                0x080042f0                TM_SPI_Init_LL
 .text.TM_SPI_ReadMulti
                0x08004374       0x92 src/stm_drivers.o
                0x08004374                TM_SPI_ReadMulti
 .text.TM_SPI_WriteMulti
                0x08004406       0x88 src/stm_drivers.o
                0x08004406                TM_SPI_WriteMulti
 *fill*         0x0800448e        0x2 
 .text.TM_GPIO_Init
                0x08004490       0x48 src/stm_drivers.o
                0x08004490                TM_GPIO_Init
 .text._sbrk    0x080044d8       0x58 src/syscalls.o
                0x080044d8                _sbrk
 .text.SystemInit
                0x08004530       0x68 src/system_stm32f10x.o
                0x08004530                SystemInit
 .text.SetSysClock
                0x08004598       0xb8 src/system_stm32f10x.o
 .text.NVIC_SetPriority
                0x08004650       0x54 src/tm_delay.o
 .text.SysTick_Config
                0x080046a4       0x44 src/tm_delay.o
 .text.SysTick_Handler
                0x080046e8       0xf0 src/tm_delay.o
                0x080046e8                SysTick_Handler
 .text.TM_DELAY_Init
                0x080047d8       0x4c src/tm_delay.o
                0x080047d8                TM_DELAY_Init
 .text.TM_FATFS_DriveSize
                0x08004824       0x5c src/tm_stm32f4_fatfs.o
                0x08004824                TM_FATFS_DriveSize
 .text.Reset_Handler
                0x08004880       0x48 startup/startup_stm32f10x_md.o
                0x08004880                Reset_Handler
 .text.Default_Handler
                0x080048c8        0x2 startup/startup_stm32f10x_md.o
                0x080048c8                EXTI2_IRQHandler
                0x080048c8                DebugMon_Handler
                0x080048c8                TIM1_CC_IRQHandler
                0x080048c8                HardFault_Handler
                0x080048c8                PVD_IRQHandler
                0x080048c8                PendSV_Handler
                0x080048c8                NMI_Handler
                0x080048c8                EXTI3_IRQHandler
                0x080048c8                EXTI0_IRQHandler
                0x080048c8                I2C2_EV_IRQHandler
                0x080048c8                UsageFault_Handler
                0x080048c8                ADC1_2_IRQHandler
                0x080048c8                SPI1_IRQHandler
                0x080048c8                TAMPER_IRQHandler
                0x080048c8                DMA1_Channel4_IRQHandler
                0x080048c8                USART3_IRQHandler
                0x080048c8                RTC_IRQHandler
                0x080048c8                DMA1_Channel7_IRQHandler
                0x080048c8                CAN1_RX1_IRQHandler
                0x080048c8                TIM4_IRQHandler
                0x080048c8                I2C1_EV_IRQHandler
                0x080048c8                DMA1_Channel6_IRQHandler
                0x080048c8                TIM3_IRQHandler
                0x080048c8                RCC_IRQHandler
                0x080048c8                TIM1_TRG_COM_IRQHandler
                0x080048c8                DMA1_Channel1_IRQHandler
                0x080048c8                Default_Handler
                0x080048c8                EXTI15_10_IRQHandler
                0x080048c8                EXTI9_5_IRQHandler
                0x080048c8                SPI2_IRQHandler
                0x080048c8                MemManage_Handler
                0x080048c8                SVC_Handler
                0x080048c8                DMA1_Channel5_IRQHandler
                0x080048c8                EXTI4_IRQHandler
                0x080048c8                USB_LP_CAN1_RX0_IRQHandler
                0x080048c8                USB_HP_CAN1_TX_IRQHandler
                0x080048c8                DMA1_Channel3_IRQHandler
                0x080048c8                TIM1_UP_IRQHandler
                0x080048c8                WWDG_IRQHandler
                0x080048c8                TIM2_IRQHandler
                0x080048c8                TIM1_BRK_IRQHandler
                0x080048c8                EXTI1_IRQHandler
                0x080048c8                RTCAlarm_IRQHandler
                0x080048c8                USART2_IRQHandler
                0x080048c8                I2C2_ER_IRQHandler
                0x080048c8                DMA1_Channel2_IRQHandler
                0x080048c8                CAN1_SCE_IRQHandler
                0x080048c8                FLASH_IRQHandler
                0x080048c8                BusFault_Handler
                0x080048c8                USART1_IRQHandler
                0x080048c8                I2C1_ER_IRQHandler
                0x080048c8                USBWakeUp_IRQHandler
 *fill*         0x080048ca        0x2 
 .text.__errno  0x080048cc        0xc c:/ac6/systemworkbench/plugins/fr.ac6.mcu.externaltools.arm-none.win32_1.16.0.201807130628/tools/compiler/bin/../lib/gcc/arm-none-eabi/7.2.1/../../../../arm-none-eabi/lib/thumb/v7-m\libc.a(lib_a-errno.o)
                0x080048cc                __errno
 .text.__libc_init_array
                0x080048d8       0x48 c:/ac6/systemworkbench/plugins/fr.ac6.mcu.externaltools.arm-none.win32_1.16.0.201807130628/tools/compiler/bin/../lib/gcc/arm-none-eabi/7.2.1/../../../../arm-none-eabi/lib/thumb/v7-m\libc.a(lib_a-init.o)
                0x080048d8                __libc_init_array
 .text.malloc   0x08004920       0x10 c:/ac6/systemworkbench/plugins/fr.ac6.mcu.externaltools.arm-none.win32_1.16.0.201807130628/tools/compiler/bin/../lib/gcc/arm-none-eabi/7.2.1/../../../../arm-none-eabi/lib/thumb/v7-m\libc.a(lib_a-malloc.o)
                0x08004920                malloc
 .text.free     0x08004930       0x10 c:/ac6/systemworkbench/plugins/fr.ac6.mcu.externaltools.arm-none.win32_1.16.0.201807130628/tools/compiler/bin/../lib/gcc/arm-none-eabi/7.2.1/../../../../arm-none-eabi/lib/thumb/v7-m\libc.a(lib_a-malloc.o)
                0x08004930                free
 .text._malloc_r
                0x08004940      0x524 c:/ac6/systemworkbench/plugins/fr.ac6.mcu.externaltools.arm-none.win32_1.16.0.201807130628/tools/compiler/bin/../lib/gcc/arm-none-eabi/7.2.1/../../../../arm-none-eabi/lib/thumb/v7-m\libc.a(lib_a-mallocr.o)
                0x08004940                _malloc_r
 .text.__malloc_lock
                0x08004e64        0xc c:/ac6/systemworkbench/plugins/fr.ac6.mcu.externaltools.arm-none.win32_1.16.0.201807130628/tools/compiler/bin/../lib/gcc/arm-none-eabi/7.2.1/../../../../arm-none-eabi/lib/thumb/v7-m\libc.a(lib_a-mlock.o)
                0x08004e64                __malloc_lock
 .text.__malloc_unlock
                0x08004e70        0xc c:/ac6/systemworkbench/plugins/fr.ac6.mcu.externaltools.arm-none.win32_1.16.0.201807130628/tools/compiler/bin/../lib/gcc/arm-none-eabi/7.2.1/../../../../arm-none-eabi/lib/thumb/v7-m\libc.a(lib_a-mlock.o)
                0x08004e70                __malloc_unlock
 .text._sbrk_r  0x08004e7c       0x24 c:/ac6/systemworkbench/plugins/fr.ac6.mcu.externaltools.arm-none.win32_1.16.0.201807130628/tools/compiler/bin/../lib/gcc/arm-none-eabi/7.2.1/../../../../arm-none-eabi/lib/thumb/v7-m\libc.a(lib_a-sbrkr.o)
                0x08004e7c                _sbrk_r
 .text.startup.register_fini
                0x08004ea0       0x14 c:/ac6/systemworkbench/plugins/fr.ac6.mcu.externaltools.arm-none.win32_1.16.0.201807130628/tools/compiler/bin/../lib/gcc/arm-none-eabi/7.2.1/../../../../arm-none-eabi/lib/thumb/v7-m\libc.a(lib_a-__call_atexit.o)
 .text.atexit   0x08004eb4        0xc c:/ac6/systemworkbench/plugins/fr.ac6.mcu.externaltools.arm-none.win32_1.16.0.201807130628/tools/compiler/bin/../lib/gcc/arm-none-eabi/7.2.1/../../../../arm-none-eabi/lib/thumb/v7-m\libc.a(lib_a-atexit.o)
                0x08004eb4                atexit
 .text.__libc_fini_array
                0x08004ec0       0x34 c:/ac6/systemworkbench/plugins/fr.ac6.mcu.externaltools.arm-none.win32_1.16.0.201807130628/tools/compiler/bin/../lib/gcc/arm-none-eabi/7.2.1/../../../../arm-none-eabi/lib/thumb/v7-m\libc.a(lib_a-fini.o)
                0x08004ec0                __libc_fini_array
 .text._malloc_trim_r
                0x08004ef4       0xa0 c:/ac6/systemworkbench/plugins/fr.ac6.mcu.externaltools.arm-none.win32_1.16.0.201807130628/tools/compiler/bin/../lib/gcc/arm-none-eabi/7.2.1/../../../../arm-none-eabi/lib/thumb/v7-m\libc.a(lib_a-freer.o)
                0x08004ef4                _malloc_trim_r
 .text._free_r  0x08004f94      0x1e8 c:/ac6/systemworkbench/plugins/fr.ac6.mcu.externaltools.arm-none.win32_1.16.0.201807130628/tools/compiler/bin/../lib/gcc/arm-none-eabi/7.2.1/../../../../arm-none-eabi/lib/thumb/v7-m\libc.a(lib_a-freer.o)
                0x08004f94                _free_r
 .text.__retarget_lock_acquire_recursive
                0x0800517c        0x4 c:/ac6/systemworkbench/plugins/fr.ac6.mcu.externaltools.arm-none.win32_1.16.0.201807130628/tools/compiler/bin/../lib/gcc/arm-none-eabi/7.2.1/../../../../arm-none-eabi/lib/thumb/v7-m\libc.a(lib_a-lock.o)
                0x0800517c                __retarget_lock_acquire_recursive
 .text.__retarget_lock_release_recursive
                0x08005180        0x4 c:/ac6/systemworkbench/plugins/fr.ac6.mcu.externaltools.arm-none.win32_1.16.0.201807130628/tools/compiler/bin/../lib/gcc/arm-none-eabi/7.2.1/../../../../arm-none-eabi/lib/thumb/v7-m\libc.a(lib_a-lock.o)
                0x08005180                __retarget_lock_release_recursive
 .text.__register_exitproc
                0x08005184       0xc0 c:/ac6/systemworkbench/plugins/fr.ac6.mcu.externaltools.arm-none.win32_1.16.0.201807130628/tools/compiler/bin/../lib/gcc/arm-none-eabi/7.2.1/../../../../arm-none-eabi/lib/thumb/v7-m\libc.a(lib_a-__atexit.o)
                0x08005184                __register_exitproc
 *(.glue_7)
 .glue_7        0x08005244        0x0 linker stubs
 *(.glue_7t)
 .glue_7t       0x08005244        0x0 linker stubs
 *(.eh_frame)
 .eh_frame      0x08005244        0x0 c:/ac6/systemworkbench/plugins/fr.ac6.mcu.externaltools.arm-none.win32_1.16.0.201807130628/tools/compiler/bin/../lib/gcc/arm-none-eabi/7.2.1/thumb/v7-m/crtbegin.o
 *(.init)
 .init          0x08005244        0x4 c:/ac6/systemworkbench/plugins/fr.ac6.mcu.externaltools.arm-none.win32_1.16.0.201807130628/tools/compiler/bin/../lib/gcc/arm-none-eabi/7.2.1/thumb/v7-m/crti.o
                0x08005244                _init
 .init          0x08005248        0x8 c:/ac6/systemworkbench/plugins/fr.ac6.mcu.externaltools.arm-none.win32_1.16.0.201807130628/tools/compiler/bin/../lib/gcc/arm-none-eabi/7.2.1/thumb/v7-m/crtn.o
 *(.fini)
 .fini          0x08005250        0x4 c:/ac6/systemworkbench/plugins/fr.ac6.mcu.externaltools.arm-none.win32_1.16.0.201807130628/tools/compiler/bin/../lib/gcc/arm-none-eabi/7.2.1/thumb/v7-m/crti.o
                0x08005250                _fini
 .fini          0x08005254        0x8 c:/ac6/systemworkbench/plugins/fr.ac6.mcu.externaltools.arm-none.win32_1.16.0.201807130628/tools/compiler/bin/../lib/gcc/arm-none-eabi/7.2.1/thumb/v7-m/crtn.o
                0x0800525c                . = ALIGN (0x4)
                0x0800525c                _etext = .

.vfp11_veneer   0x0800525c        0x0
 .vfp11_veneer  0x0800525c        0x0 linker stubs

.v4_bx          0x0800525c        0x0
 .v4_bx         0x0800525c        0x0 linker stubs

.iplt           0x0800525c        0x0
 .iplt          0x0800525c        0x0 c:/ac6/systemworkbench/plugins/fr.ac6.mcu.externaltools.arm-none.win32_1.16.0.201807130628/tools/compiler/bin/../lib/gcc/arm-none-eabi/7.2.1/thumb/v7-m/crtbegin.o

.rodata         0x0800525c      0x694
                0x0800525c                . = ALIGN (0x4)
 *(.rodata)
 .rodata        0x0800525c      0x17e fatfs/ff.o
 *fill*         0x080053da        0x2 
 .rodata        0x080053dc      0x4c0 fatfs/option/ccsbcs.o
 .rodata        0x0800589c       0x43 src/main.o
 *fill*         0x080058df        0x1 
 .rodata        0x080058e0        0xc src/tm_stm32f4_fatfs.o
 *(.rodata*)
 .rodata._global_impure_ptr
                0x080058ec        0x4 c:/ac6/systemworkbench/plugins/fr.ac6.mcu.externaltools.arm-none.win32_1.16.0.201807130628/tools/compiler/bin/../lib/gcc/arm-none-eabi/7.2.1/../../../../arm-none-eabi/lib/thumb/v7-m\libc.a(lib_a-impure.o)
                0x080058ec                _global_impure_ptr
                0x080058f0                . = ALIGN (0x4)

.rel.dyn        0x080058f0        0x0
 .rel.iplt      0x080058f0        0x0 c:/ac6/systemworkbench/plugins/fr.ac6.mcu.externaltools.arm-none.win32_1.16.0.201807130628/tools/compiler/bin/../lib/gcc/arm-none-eabi/7.2.1/thumb/v7-m/crtbegin.o

.ARM.extab
 *(.ARM.extab* .gnu.linkonce.armextab.*)

.ARM            0x080058f0        0x0
                0x080058f0                __exidx_start = .
 *(.ARM.exidx*)
                0x080058f0                __exidx_end = .

.preinit_array  0x080058f0        0x0
                0x080058f0                PROVIDE (__preinit_array_start, .)
 *(.preinit_array*)
                0x080058f0                PROVIDE (__preinit_array_end, .)

.init_array     0x080058f0        0x8
                0x080058f0                PROVIDE (__init_array_start, .)
 *(SORT_BY_NAME(.init_array.*))
 .init_array.00000
                0x080058f0        0x4 c:/ac6/systemworkbench/plugins/fr.ac6.mcu.externaltools.arm-none.win32_1.16.0.201807130628/tools/compiler/bin/../lib/gcc/arm-none-eabi/7.2.1/../../../../arm-none-eabi/lib/thumb/v7-m\libc.a(lib_a-__call_atexit.o)
 *(.init_array*)
 .init_array    0x080058f4        0x4 c:/ac6/systemworkbench/plugins/fr.ac6.mcu.externaltools.arm-none.win32_1.16.0.201807130628/tools/compiler/bin/../lib/gcc/arm-none-eabi/7.2.1/thumb/v7-m/crtbegin.o
                0x080058f8                PROVIDE (__init_array_end, .)

.fini_array     0x080058f8        0x4
                0x080058f8                PROVIDE (__fini_array_start, .)
 *(SORT_BY_NAME(.fini_array.*))
 *(.fini_array*)
 .fini_array    0x080058f8        0x4 c:/ac6/systemworkbench/plugins/fr.ac6.mcu.externaltools.arm-none.win32_1.16.0.201807130628/tools/compiler/bin/../lib/gcc/arm-none-eabi/7.2.1/thumb/v7-m/crtbegin.o
                0x080058fc                PROVIDE (__fini_array_end, .)
                0x080058fc                _sidata = LOADADDR (.data)

.data           0x20000000      0x90c load address 0x080058fc
                0x20000000                . = ALIGN (0x4)
                0x20000000                _sdata = .
 *(.data)
 .data          0x20000000       0xb4 fatfs/diskio.o
                0x20000000                FATFS_LowLevelDrivers
 .data          0x200000b4        0x1 fatfs/drivers/fatfs_sd.o
 *fill*         0x200000b5        0x3 
 .data          0x200000b8       0x14 src/system_stm32f10x.o
                0x200000b8                SystemCoreClock
                0x200000bc                AHBPrescTable
 *(.data*)
 .data._impure_ptr
                0x200000cc        0x4 c:/ac6/systemworkbench/plugins/fr.ac6.mcu.externaltools.arm-none.win32_1.16.0.201807130628/tools/compiler/bin/../lib/gcc/arm-none-eabi/7.2.1/../../../../arm-none-eabi/lib/thumb/v7-m\libc.a(lib_a-impure.o)
                0x200000cc                _impure_ptr
 .data.impure_data
                0x200000d0      0x428 c:/ac6/systemworkbench/plugins/fr.ac6.mcu.externaltools.arm-none.win32_1.16.0.201807130628/tools/compiler/bin/../lib/gcc/arm-none-eabi/7.2.1/../../../../arm-none-eabi/lib/thumb/v7-m\libc.a(lib_a-impure.o)
 .data.__malloc_av_
                0x200004f8      0x408 c:/ac6/systemworkbench/plugins/fr.ac6.mcu.externaltools.arm-none.win32_1.16.0.201807130628/tools/compiler/bin/../lib/gcc/arm-none-eabi/7.2.1/../../../../arm-none-eabi/lib/thumb/v7-m\libc.a(lib_a-mallocr.o)
                0x200004f8                __malloc_av_
 .data.__malloc_sbrk_base
                0x20000900        0x4 c:/ac6/systemworkbench/plugins/fr.ac6.mcu.externaltools.arm-none.win32_1.16.0.201807130628/tools/compiler/bin/../lib/gcc/arm-none-eabi/7.2.1/../../../../arm-none-eabi/lib/thumb/v7-m\libc.a(lib_a-mallocr.o)
                0x20000900                __malloc_sbrk_base
 .data.__malloc_trim_threshold
                0x20000904        0x4 c:/ac6/systemworkbench/plugins/fr.ac6.mcu.externaltools.arm-none.win32_1.16.0.201807130628/tools/compiler/bin/../lib/gcc/arm-none-eabi/7.2.1/../../../../arm-none-eabi/lib/thumb/v7-m\libc.a(lib_a-mallocr.o)
                0x20000904                __malloc_trim_threshold
 .data.__atexit_recursive_mutex
                0x20000908        0x4 c:/ac6/systemworkbench/plugins/fr.ac6.mcu.externaltools.arm-none.win32_1.16.0.201807130628/tools/compiler/bin/../lib/gcc/arm-none-eabi/7.2.1/../../../../arm-none-eabi/lib/thumb/v7-m\libc.a(lib_a-__call_atexit.o)
                0x20000908                __atexit_recursive_mutex
                0x2000090c                . = ALIGN (0x4)
                0x2000090c                _edata = .

.igot.plt       0x2000090c        0x0 load address 0x08006208
 .igot.plt      0x2000090c        0x0 c:/ac6/systemworkbench/plugins/fr.ac6.mcu.externaltools.arm-none.win32_1.16.0.201807130628/tools/compiler/bin/../lib/gcc/arm-none-eabi/7.2.1/thumb/v7-m/crtbegin.o
                0x2000090c                . = ALIGN (0x4)

.bss            0x2000090c       0xd4 load address 0x08006208
                0x2000090c                _sbss = .
                0x2000090c                __bss_start__ = _sbss
 *(.bss)
 .bss           0x2000090c       0x1c c:/ac6/systemworkbench/plugins/fr.ac6.mcu.externaltools.arm-none.win32_1.16.0.201807130628/tools/compiler/bin/../lib/gcc/arm-none-eabi/7.2.1/thumb/v7-m/crtbegin.o
 .bss           0x20000928       0x27 fatfs/ff.o
 .bss           0x2000094f        0x1 fatfs/drivers/fatfs_sd.o
 .bss           0x20000950        0x8 src/syscalls.o
                0x20000950                __env
 .bss           0x20000958       0x28 src/tm_delay.o
                0x20000958                TM_TimingDelay
                0x2000095c                TM_Time
                0x20000960                TM_Time2
                0x20000964                TM_DELAY_Initialized
 *(.bss*)
 .bss.__malloc_current_mallinfo
                0x20000980       0x28 c:/ac6/systemworkbench/plugins/fr.ac6.mcu.externaltools.arm-none.win32_1.16.0.201807130628/tools/compiler/bin/../lib/gcc/arm-none-eabi/7.2.1/../../../../arm-none-eabi/lib/thumb/v7-m\libc.a(lib_a-mallocr.o)
                0x20000980                __malloc_current_mallinfo
 .bss.__malloc_max_sbrked_mem
                0x200009a8        0x4 c:/ac6/systemworkbench/plugins/fr.ac6.mcu.externaltools.arm-none.win32_1.16.0.201807130628/tools/compiler/bin/../lib/gcc/arm-none-eabi/7.2.1/../../../../arm-none-eabi/lib/thumb/v7-m\libc.a(lib_a-mallocr.o)
                0x200009a8                __malloc_max_sbrked_mem
 .bss.__malloc_max_total_mem
                0x200009ac        0x4 c:/ac6/systemworkbench/plugins/fr.ac6.mcu.externaltools.arm-none.win32_1.16.0.201807130628/tools/compiler/bin/../lib/gcc/arm-none-eabi/7.2.1/../../../../arm-none-eabi/lib/thumb/v7-m\libc.a(lib_a-mallocr.o)
                0x200009ac                __malloc_max_total_mem
 .bss.__malloc_top_pad
                0x200009b0        0x4 c:/ac6/systemworkbench/plugins/fr.ac6.mcu.externaltools.arm-none.win32_1.16.0.201807130628/tools/compiler/bin/../lib/gcc/arm-none-eabi/7.2.1/../../../../arm-none-eabi/lib/thumb/v7-m\libc.a(lib_a-mallocr.o)
                0x200009b0                __malloc_top_pad
 *(COMMON)
 COMMON         0x200009b4        0x4 src/tm_delay.o
                0x200009b4                mult
 COMMON         0x200009b8       0x21 c:/ac6/systemworkbench/plugins/fr.ac6.mcu.externaltools.arm-none.win32_1.16.0.201807130628/tools/compiler/bin/../lib/gcc/arm-none-eabi/7.2.1/../../../../arm-none-eabi/lib/thumb/v7-m\libc.a(lib_a-lock.o)
                0x200009b8                __lock___atexit_recursive_mutex
                0x200009bc                __lock___arc4random_mutex
                0x200009c0                __lock___env_recursive_mutex
                0x200009c4                __lock___sinit_recursive_mutex
                0x200009c8                __lock___malloc_recursive_mutex
                0x200009cc                __lock___at_quick_exit_mutex
                0x200009d0                __lock___dd_hash_mutex
                0x200009d4                __lock___tz_mutex
                0x200009d8                __lock___sfp_recursive_mutex
 *fill*         0x200009d9        0x3 
 COMMON         0x200009dc        0x4 c:/ac6/systemworkbench/plugins/fr.ac6.mcu.externaltools.arm-none.win32_1.16.0.201807130628/tools/compiler/bin/../lib/gcc/arm-none-eabi/7.2.1/../../../../arm-none-eabi/lib/thumb/v7-m\libc.a(lib_a-reent.o)
                0x200009dc                errno
                0x200009e0                . = ALIGN (0x4)
                0x200009e0                _ebss = .
                0x200009e0                __bss_end__ = _ebss

._user_heap_stack
                0x200009e0      0x100 load address 0x08006208
                0x200009e0                . = ALIGN (0x8)
                0x200009e0                PROVIDE (end, .)
                [!provide]                PROVIDE (_end, .)
                0x200009e0                . = (. + _Min_Heap_Size)
                0x20000ae0                . = (. + _Min_Stack_Size)
 *fill*         0x200009e0      0x100 
                0x20000ae0                . = ALIGN (0x8)

.memory_b1_text
 *(.mb1text)
 *(.mb1text*)
 *(.mb1rodata)
 *(.mb1rodata*)

/DISCARD/
 libc.a(*)
 libm.a(*)
 libgcc.a(*)

.ARM.attributes
                0x00000000       0x29
 *(.ARM.attributes)
 .ARM.attributes
                0x00000000       0x1d c:/ac6/systemworkbench/plugins/fr.ac6.mcu.externaltools.arm-none.win32_1.16.0.201807130628/tools/compiler/bin/../lib/gcc/arm-none-eabi/7.2.1/thumb/v7-m/crti.o
 .ARM.attributes
                0x0000001d       0x2d c:/ac6/systemworkbench/plugins/fr.ac6.mcu.externaltools.arm-none.win32_1.16.0.201807130628/tools/compiler/bin/../lib/gcc/arm-none-eabi/7.2.1/thumb/v7-m/crtbegin.o
 .ARM.attributes
                0x0000004a       0x33 StdPeriph_Driver/src/stm32f10x_gpio.o
 .ARM.attributes
                0x0000007d       0x33 StdPeriph_Driver/src/stm32f10x_rcc.o
 .ARM.attributes
                0x000000b0       0x33 StdPeriph_Driver/src/stm32f10x_spi.o
 .ARM.attributes
                0x000000e3       0x33 fatfs/diskio.o
 .ARM.attributes
                0x00000116       0x33 fatfs/ff.o
 .ARM.attributes
                0x00000149       0x33 fatfs/drivers/fatfs_sd.o
 .ARM.attributes
                0x0000017c       0x33 fatfs/option/ccsbcs.o
 .ARM.attributes
                0x000001af       0x33 fatfs/option/syscall.o
 .ARM.attributes
                0x000001e2       0x33 src/main.o
 .ARM.attributes
                0x00000215       0x33 src/stm_drivers.o
 .ARM.attributes
                0x00000248       0x33 src/syscalls.o
 .ARM.attributes
                0x0000027b       0x33 src/system_stm32f10x.o
 .ARM.attributes
                0x000002ae       0x33 src/tm_delay.o
 .ARM.attributes
                0x000002e1       0x33 src/tm_stm32f4_fatfs.o
 .ARM.attributes
                0x00000314       0x21 startup/startup_stm32f10x_md.o
 .ARM.attributes
                0x00000335       0x2d c:/ac6/systemworkbench/plugins/fr.ac6.mcu.externaltools.arm-none.win32_1.16.0.201807130628/tools/compiler/bin/../lib/gcc/arm-none-eabi/7.2.1/../../../../arm-none-eabi/lib/thumb/v7-m\libc.a(lib_a-errno.o)
 .ARM.attributes
                0x00000362       0x2d c:/ac6/systemworkbench/plugins/fr.ac6.mcu.externaltools.arm-none.win32_1.16.0.201807130628/tools/compiler/bin/../lib/gcc/arm-none-eabi/7.2.1/../../../../arm-none-eabi/lib/thumb/v7-m\libc.a(lib_a-impure.o)
 .ARM.attributes
                0x0000038f       0x2d c:/ac6/systemworkbench/plugins/fr.ac6.mcu.externaltools.arm-none.win32_1.16.0.201807130628/tools/compiler/bin/../lib/gcc/arm-none-eabi/7.2.1/../../../../arm-none-eabi/lib/thumb/v7-m\libc.a(lib_a-init.o)
 .ARM.attributes
                0x000003bc       0x2d c:/ac6/systemworkbench/plugins/fr.ac6.mcu.externaltools.arm-none.win32_1.16.0.201807130628/tools/compiler/bin/../lib/gcc/arm-none-eabi/7.2.1/../../../../arm-none-eabi/lib/thumb/v7-m\libc.a(lib_a-malloc.o)
 .ARM.attributes
                0x000003e9       0x2d c:/ac6/systemworkbench/plugins/fr.ac6.mcu.externaltools.arm-none.win32_1.16.0.201807130628/tools/compiler/bin/../lib/gcc/arm-none-eabi/7.2.1/../../../../arm-none-eabi/lib/thumb/v7-m\libc.a(lib_a-mallocr.o)
 .ARM.attributes
                0x00000416       0x2d c:/ac6/systemworkbench/plugins/fr.ac6.mcu.externaltools.arm-none.win32_1.16.0.201807130628/tools/compiler/bin/../lib/gcc/arm-none-eabi/7.2.1/../../../../arm-none-eabi/lib/thumb/v7-m\libc.a(lib_a-mlock.o)
 .ARM.attributes
                0x00000443       0x2d c:/ac6/systemworkbench/plugins/fr.ac6.mcu.externaltools.arm-none.win32_1.16.0.201807130628/tools/compiler/bin/../lib/gcc/arm-none-eabi/7.2.1/../../../../arm-none-eabi/lib/thumb/v7-m\libc.a(lib_a-sbrkr.o)
 .ARM.attributes
                0x00000470       0x2d c:/ac6/systemworkbench/plugins/fr.ac6.mcu.externaltools.arm-none.win32_1.16.0.201807130628/tools/compiler/bin/../lib/gcc/arm-none-eabi/7.2.1/../../../../arm-none-eabi/lib/thumb/v7-m\libc.a(lib_a-__call_atexit.o)
 .ARM.attributes
                0x0000049d       0x2d c:/ac6/systemworkbench/plugins/fr.ac6.mcu.externaltools.arm-none.win32_1.16.0.201807130628/tools/compiler/bin/../lib/gcc/arm-none-eabi/7.2.1/../../../../arm-none-eabi/lib/thumb/v7-m\libc.a(lib_a-atexit.o)
 .ARM.attributes
                0x000004ca       0x2d c:/ac6/systemworkbench/plugins/fr.ac6.mcu.externaltools.arm-none.win32_1.16.0.201807130628/tools/compiler/bin/../lib/gcc/arm-none-eabi/7.2.1/../../../../arm-none-eabi/lib/thumb/v7-m\libc.a(lib_a-fini.o)
 .ARM.attributes
                0x000004f7       0x2d c:/ac6/systemworkbench/plugins/fr.ac6.mcu.externaltools.arm-none.win32_1.16.0.201807130628/tools/compiler/bin/../lib/gcc/arm-none-eabi/7.2.1/../../../../arm-none-eabi/lib/thumb/v7-m\libc.a(lib_a-freer.o)
 .ARM.attributes
                0x00000524       0x2d c:/ac6/systemworkbench/plugins/fr.ac6.mcu.externaltools.arm-none.win32_1.16.0.201807130628/tools/compiler/bin/../lib/gcc/arm-none-eabi/7.2.1/../../../../arm-none-eabi/lib/thumb/v7-m\libc.a(lib_a-lock.o)
 .ARM.attributes
                0x00000551       0x2d c:/ac6/systemworkbench/plugins/fr.ac6.mcu.externaltools.arm-none.win32_1.16.0.201807130628/tools/compiler/bin/../lib/gcc/arm-none-eabi/7.2.1/../../../../arm-none-eabi/lib/thumb/v7-m\libc.a(lib_a-reent.o)
 .ARM.attributes
                0x0000057e       0x2d c:/ac6/systemworkbench/plugins/fr.ac6.mcu.externaltools.arm-none.win32_1.16.0.201807130628/tools/compiler/bin/../lib/gcc/arm-none-eabi/7.2.1/../../../../arm-none-eabi/lib/thumb/v7-m\libc.a(lib_a-__atexit.o)
 .ARM.attributes
                0x000005ab       0x1d c:/ac6/systemworkbench/plugins/fr.ac6.mcu.externaltools.arm-none.win32_1.16.0.201807130628/tools/compiler/bin/../lib/gcc/arm-none-eabi/7.2.1/thumb/v7-m/crtn.o
OUTPUT(sd_example.elf elf32-littlearm)

.debug_info     0x00000000     0xb0d2
 .debug_info    0x00000000      0x702 StdPeriph_Driver/src/stm32f10x_gpio.o
 .debug_info    0x00000702      0x8b2 StdPeriph_Driver/src/stm32f10x_rcc.o
 .debug_info    0x00000fb4      0x905 StdPeriph_Driver/src/stm32f10x_spi.o
 .debug_info    0x000018b9     0x10e3 fatfs/diskio.o
 .debug_info    0x0000299c     0x25ec fatfs/ff.o
 .debug_info    0x00004f88     0x1053 fatfs/drivers/fatfs_sd.o
 .debug_info    0x00005fdb      0x156 fatfs/option/ccsbcs.o
 .debug_info    0x00006131      0x8f7 fatfs/option/syscall.o
 .debug_info    0x00006a28      0xbd1 src/main.o
 .debug_info    0x000075f9      0x4e6 src/stm_drivers.o
 .debug_info    0x00007adf      0xf2e src/syscalls.o
 .debug_info    0x00008a0d      0x479 src/system_stm32f10x.o
 .debug_info    0x00008e86     0x1164 src/tm_delay.o
 .debug_info    0x00009fea     0x10c6 src/tm_stm32f4_fatfs.o
 .debug_info    0x0000b0b0       0x22 startup/startup_stm32f10x_md.o

.debug_abbrev   0x00000000     0x1d69
 .debug_abbrev  0x00000000      0x1e4 StdPeriph_Driver/src/stm32f10x_gpio.o
 .debug_abbrev  0x000001e4      0x1d4 StdPeriph_Driver/src/stm32f10x_rcc.o
 .debug_abbrev  0x000003b8      0x1b0 StdPeriph_Driver/src/stm32f10x_spi.o
 .debug_abbrev  0x00000568      0x28f fatfs/diskio.o
 .debug_abbrev  0x000007f7      0x217 fatfs/ff.o
 .debug_abbrev  0x00000a0e      0x373 fatfs/drivers/fatfs_sd.o
 .debug_abbrev  0x00000d81       0xb6 fatfs/option/ccsbcs.o
 .debug_abbrev  0x00000e37      0x1d5 fatfs/option/syscall.o
 .debug_abbrev  0x0000100c      0x20e src/main.o
 .debug_abbrev  0x0000121a      0x162 src/stm_drivers.o
 .debug_abbrev  0x0000137c      0x2aa src/syscalls.o
 .debug_abbrev  0x00001626      0x16c src/system_stm32f10x.o
 .debug_abbrev  0x00001792      0x361 src/tm_delay.o
 .debug_abbrev  0x00001af3      0x264 src/tm_stm32f4_fatfs.o
 .debug_abbrev  0x00001d57       0x12 startup/startup_stm32f10x_md.o

.debug_aranges  0x00000000      0x910
 .debug_aranges
                0x00000000       0xa8 StdPeriph_Driver/src/stm32f10x_gpio.o
 .debug_aranges
                0x000000a8      0x118 StdPeriph_Driver/src/stm32f10x_rcc.o
 .debug_aranges
                0x000001c0       0xd0 StdPeriph_Driver/src/stm32f10x_spi.o
 .debug_aranges
                0x00000290      0x118 fatfs/diskio.o
 .debug_aranges
                0x000003a8      0x230 fatfs/ff.o
 .debug_aranges
                0x000005d8       0xb0 fatfs/drivers/fatfs_sd.o
 .debug_aranges
                0x00000688       0x28 fatfs/option/ccsbcs.o
 .debug_aranges
                0x000006b0       0x28 fatfs/option/syscall.o
 .debug_aranges
                0x000006d8       0x20 src/main.o
 .debug_aranges
                0x000006f8       0x38 src/stm_drivers.o
 .debug_aranges
                0x00000730       0xb0 src/syscalls.o
 .debug_aranges
                0x000007e0       0x30 src/system_stm32f10x.o
 .debug_aranges
                0x00000810       0x80 src/tm_delay.o
 .debug_aranges
                0x00000890       0x58 src/tm_stm32f4_fatfs.o
 .debug_aranges
                0x000008e8       0x28 startup/startup_stm32f10x_md.o

.debug_ranges   0x00000000      0x828
 .debug_ranges  0x00000000       0x98 StdPeriph_Driver/src/stm32f10x_gpio.o
 .debug_ranges  0x00000098      0x108 StdPeriph_Driver/src/stm32f10x_rcc.o
 .debug_ranges  0x000001a0       0xc0 StdPeriph_Driver/src/stm32f10x_spi.o
 .debug_ranges  0x00000260      0x108 fatfs/diskio.o
 .debug_ranges  0x00000368      0x220 fatfs/ff.o
 .debug_ranges  0x00000588       0xa0 fatfs/drivers/fatfs_sd.o
 .debug_ranges  0x00000628       0x18 fatfs/option/ccsbcs.o
 .debug_ranges  0x00000640       0x18 fatfs/option/syscall.o
 .debug_ranges  0x00000658       0x10 src/main.o
 .debug_ranges  0x00000668       0x28 src/stm_drivers.o
 .debug_ranges  0x00000690       0xa0 src/syscalls.o
 .debug_ranges  0x00000730       0x20 src/system_stm32f10x.o
 .debug_ranges  0x00000750       0x70 src/tm_delay.o
 .debug_ranges  0x000007c0       0x48 src/tm_stm32f4_fatfs.o
 .debug_ranges  0x00000808       0x20 startup/startup_stm32f10x_md.o

.debug_macro    0x00000000     0x4709
 .debug_macro   0x00000000      0x1ed StdPeriph_Driver/src/stm32f10x_gpio.o
 .debug_macro   0x000001ed      0x2a7 StdPeriph_Driver/src/stm32f10x_gpio.o
 .debug_macro   0x00000494      0x2bb StdPeriph_Driver/src/stm32f10x_rcc.o
 .debug_macro   0x0000074f      0x3dc StdPeriph_Driver/src/stm32f10x_rcc.o
 .debug_macro   0x00000b2b      0x205 StdPeriph_Driver/src/stm32f10x_spi.o
 .debug_macro   0x00000d30      0x2be StdPeriph_Driver/src/stm32f10x_spi.o
 .debug_macro   0x00000fee      0x422 fatfs/diskio.o
 .debug_macro   0x00001410       0x16 fatfs/diskio.o
 .debug_macro   0x00001426       0x4c fatfs/diskio.o
 .debug_macro   0x00001472       0x16 fatfs/diskio.o
 .debug_macro   0x00001488       0xa0 fatfs/diskio.o
 .debug_macro   0x00001528       0xdc fatfs/diskio.o
 .debug_macro   0x00001604       0xf5 fatfs/diskio.o
 .debug_macro   0x000016f9       0x16 fatfs/diskio.o
 .debug_macro   0x0000170f       0x1c fatfs/diskio.o
 .debug_macro   0x0000172b       0x17 fatfs/diskio.o
 .debug_macro   0x00001742       0x58 fatfs/diskio.o
 .debug_macro   0x0000179a       0x35 fatfs/diskio.o
 .debug_macro   0x000017cf       0x9c fatfs/diskio.o
 .debug_macro   0x0000186b       0x16 fatfs/diskio.o
 .debug_macro   0x00001881      0x10e fatfs/diskio.o
 .debug_macro   0x0000198f       0x8d fatfs/diskio.o
 .debug_macro   0x00001a1c       0x58 fatfs/diskio.o
 .debug_macro   0x00001a74       0x1f fatfs/diskio.o
 .debug_macro   0x00001a93       0x43 fatfs/diskio.o
 .debug_macro   0x00001ad6       0x20 fatfs/diskio.o
 .debug_macro   0x00001af6      0x18e fatfs/diskio.o
 .debug_macro   0x00001c84      0x330 fatfs/diskio.o
 .debug_macro   0x00001fb4       0x16 fatfs/diskio.o
 .debug_macro   0x00001fca       0x29 fatfs/diskio.o
 .debug_macro   0x00001ff3       0x35 fatfs/diskio.o
 .debug_macro   0x00002028       0x16 fatfs/diskio.o
 .debug_macro   0x0000203e       0x35 fatfs/diskio.o
 .debug_macro   0x00002073       0x1c fatfs/diskio.o
 .debug_macro   0x0000208f       0x10 fatfs/diskio.o
 .debug_macro   0x0000209f       0x10 fatfs/diskio.o
 .debug_macro   0x000020af       0x1c fatfs/diskio.o
 .debug_macro   0x000020cb       0x52 fatfs/diskio.o
 .debug_macro   0x0000211d       0x40 fatfs/diskio.o
 .debug_macro   0x0000215d       0x10 fatfs/diskio.o
 .debug_macro   0x0000216d       0x40 fatfs/diskio.o
 .debug_macro   0x000021ad       0xd7 fatfs/diskio.o
 .debug_macro   0x00002284       0x1c fatfs/diskio.o
 .debug_macro   0x000022a0       0x3d fatfs/diskio.o
 .debug_macro   0x000022dd       0x16 fatfs/diskio.o
 .debug_macro   0x000022f3      0x16f fatfs/diskio.o
 .debug_macro   0x00002462       0x1c fatfs/diskio.o
 .debug_macro   0x0000247e      0x2a4 fatfs/ff.o
 .debug_macro   0x00002722       0x58 fatfs/ff.o
 .debug_macro   0x0000277a      0x466 fatfs/drivers/fatfs_sd.o
 .debug_macro   0x00002be0       0x3a fatfs/option/ccsbcs.o
 .debug_macro   0x00002c1a      0x118 fatfs/option/syscall.o
 .debug_macro   0x00002d32       0x52 fatfs/option/syscall.o
 .debug_macro   0x00002d84       0x8d fatfs/option/syscall.o
 .debug_macro   0x00002e11       0x57 fatfs/option/syscall.o
 .debug_macro   0x00002e68      0x3d9 src/main.o
 .debug_macro   0x00003241      0x157 src/main.o
 .debug_macro   0x00003398      0x1b5 src/stm_drivers.o
 .debug_macro   0x0000354d      0x243 src/syscalls.o
 .debug_macro   0x00003790      0x174 src/syscalls.o
 .debug_macro   0x00003904       0x10 src/syscalls.o
 .debug_macro   0x00003914       0x10 src/syscalls.o
 .debug_macro   0x00003924       0x10 src/syscalls.o
 .debug_macro   0x00003934       0x35 src/syscalls.o
 .debug_macro   0x00003969      0x122 src/syscalls.o
 .debug_macro   0x00003a8b       0x10 src/syscalls.o
 .debug_macro   0x00003a9b      0x241 src/syscalls.o
 .debug_macro   0x00003cdc       0x10 src/syscalls.o
 .debug_macro   0x00003cec      0x189 src/syscalls.o
 .debug_macro   0x00003e75       0x16 src/syscalls.o
 .debug_macro   0x00003e8b       0x88 src/syscalls.o
 .debug_macro   0x00003f13      0x19d src/system_stm32f10x.o
 .debug_macro   0x000040b0      0x27f src/tm_delay.o
 .debug_macro   0x0000432f      0x3b1 src/tm_stm32f4_fatfs.o
 .debug_macro   0x000046e0       0x10 src/tm_stm32f4_fatfs.o
 .debug_macro   0x000046f0       0x19 src/tm_stm32f4_fatfs.o

.debug_line     0x00000000     0x7902
 .debug_line    0x00000000      0x7a8 StdPeriph_Driver/src/stm32f10x_gpio.o
 .debug_line    0x000007a8      0x8a4 StdPeriph_Driver/src/stm32f10x_rcc.o
 .debug_line    0x0000104c      0x7f3 StdPeriph_Driver/src/stm32f10x_spi.o
 .debug_line    0x0000183f      0xab8 fatfs/diskio.o
 .debug_line    0x000022f7     0x186d fatfs/ff.o
 .debug_line    0x00003b64      0xbd8 fatfs/drivers/fatfs_sd.o
 .debug_line    0x0000473c       0xd8 fatfs/option/ccsbcs.o
 .debug_line    0x00004814      0x37a fatfs/option/syscall.o
 .debug_line    0x00004b8e      0x8a3 src/main.o
 .debug_line    0x00005431      0x6c1 src/stm_drivers.o
 .debug_line    0x00005af2      0x5df src/syscalls.o
 .debug_line    0x000060d1      0x622 src/system_stm32f10x.o
 .debug_line    0x000066f3      0x83e src/tm_delay.o
 .debug_line    0x00006f31      0x953 src/tm_stm32f4_fatfs.o
 .debug_line    0x00007884       0x7e startup/startup_stm32f10x_md.o

.debug_str      0x00000000    0x5892e
 .debug_str     0x00000000    0x4f4df StdPeriph_Driver/src/stm32f10x_gpio.o
                              0x4f66b (size before relaxing)
 .debug_str     0x0004f4df      0xb54 StdPeriph_Driver/src/stm32f10x_rcc.o
                              0x4fc51 (size before relaxing)
 .debug_str     0x00050033      0x617 StdPeriph_Driver/src/stm32f10x_spi.o
                              0x4f76b (size before relaxing)
 .debug_str     0x0005064a     0x5276 fatfs/diskio.o
                              0x54447 (size before relaxing)
 .debug_str     0x000558c0      0xec0 fatfs/ff.o
                               0x4679 (size before relaxing)
 .debug_str     0x00056780      0x21f fatfs/drivers/fatfs_sd.o
                              0x54457 (size before relaxing)
 .debug_str     0x0005699f       0x4e fatfs/option/ccsbcs.o
                               0x33a2 (size before relaxing)
 .debug_str     0x000569ed       0x3e fatfs/option/syscall.o
                               0x67cf (size before relaxing)
 .debug_str     0x00056a2b      0x5f6 src/main.o
                              0x546f7 (size before relaxing)
 .debug_str     0x00057021       0x8e src/stm_drivers.o
                              0x4f5a3 (size before relaxing)
 .debug_str     0x000570af     0x10e9 src/syscalls.o
                               0x86d3 (size before relaxing)
 .debug_str     0x00058198       0xe3 src/system_stm32f10x.o
                              0x4f1e0 (size before relaxing)
 .debug_str     0x0005827b      0x4d5 src/tm_delay.o
                              0x52941 (size before relaxing)
 .debug_str     0x00058750      0x1ad src/tm_stm32f4_fatfs.o
                              0x54145 (size before relaxing)
 .debug_str     0x000588fd       0x31 startup/startup_stm32f10x_md.o
                                 0x6d (size before relaxing)

.comment        0x00000000       0x7e
 .comment       0x00000000       0x7e StdPeriph_Driver/src/stm32f10x_gpio.o
                                 0x7f (size before relaxing)
 .comment       0x0000007e       0x7f StdPeriph_Driver/src/stm32f10x_rcc.o
 .comment       0x0000007e       0x7f StdPeriph_Driver/src/stm32f10x_spi.o
 .comment       0x0000007e       0x7f fatfs/diskio.o
 .comment       0x0000007e       0x7f fatfs/ff.o
 .comment       0x0000007e       0x7f fatfs/drivers/fatfs_sd.o
 .comment       0x0000007e       0x7f fatfs/option/ccsbcs.o
 .comment       0x0000007e       0x7f fatfs/option/syscall.o
 .comment       0x0000007e       0x7f src/main.o
 .comment       0x0000007e       0x7f src/stm_drivers.o
 .comment       0x0000007e       0x7f src/syscalls.o
 .comment       0x0000007e       0x7f src/system_stm32f10x.o
 .comment       0x0000007e       0x7f src/tm_delay.o
 .comment       0x0000007e       0x7f src/tm_stm32f4_fatfs.o

.debug_frame    0x00000000     0x285c
 .debug_frame   0x00000000      0x2d0 StdPeriph_Driver/src/stm32f10x_gpio.o
 .debug_frame   0x000002d0      0x4f4 StdPeriph_Driver/src/stm32f10x_rcc.o
 .debug_frame   0x000007c4      0x3a0 StdPeriph_Driver/src/stm32f10x_spi.o
 .debug_frame   0x00000b64      0x4a4 fatfs/diskio.o
 .debug_frame   0x00001008      0xa0c fatfs/ff.o
 .debug_frame   0x00001a14      0x29c fatfs/drivers/fatfs_sd.o
 .debug_frame   0x00001cb0       0x60 fatfs/option/ccsbcs.o
 .debug_frame   0x00001d10       0x58 fatfs/option/syscall.o
 .debug_frame   0x00001d68       0x34 src/main.o
 .debug_frame   0x00001d9c       0xa8 src/stm_drivers.o
 .debug_frame   0x00001e44      0x2d0 src/syscalls.o
 .debug_frame   0x00002114       0x7c src/system_stm32f10x.o
 .debug_frame   0x00002190      0x1ec src/tm_delay.o
 .debug_frame   0x0000237c      0x140 src/tm_stm32f4_fatfs.o
 .debug_frame   0x000024bc       0x20 c:/ac6/systemworkbench/plugins/fr.ac6.mcu.externaltools.arm-none.win32_1.16.0.201807130628/tools/compiler/bin/../lib/gcc/arm-none-eabi/7.2.1/../../../../arm-none-eabi/lib/thumb/v7-m\libc.a(lib_a-errno.o)
 .debug_frame   0x000024dc       0x2c c:/ac6/systemworkbench/plugins/fr.ac6.mcu.externaltools.arm-none.win32_1.16.0.201807130628/tools/compiler/bin/../lib/gcc/arm-none-eabi/7.2.1/../../../../arm-none-eabi/lib/thumb/v7-m\libc.a(lib_a-init.o)
 .debug_frame   0x00002508       0x30 c:/ac6/systemworkbench/plugins/fr.ac6.mcu.externaltools.arm-none.win32_1.16.0.201807130628/tools/compiler/bin/../lib/gcc/arm-none-eabi/7.2.1/../../../../arm-none-eabi/lib/thumb/v7-m\libc.a(lib_a-malloc.o)
 .debug_frame   0x00002538       0x4c c:/ac6/systemworkbench/plugins/fr.ac6.mcu.externaltools.arm-none.win32_1.16.0.201807130628/tools/compiler/bin/../lib/gcc/arm-none-eabi/7.2.1/../../../../arm-none-eabi/lib/thumb/v7-m\libc.a(lib_a-mallocr.o)
 .debug_frame   0x00002584       0x30 c:/ac6/systemworkbench/plugins/fr.ac6.mcu.externaltools.arm-none.win32_1.16.0.201807130628/tools/compiler/bin/../lib/gcc/arm-none-eabi/7.2.1/../../../../arm-none-eabi/lib/thumb/v7-m\libc.a(lib_a-mlock.o)
 .debug_frame   0x000025b4       0x2c c:/ac6/systemworkbench/plugins/fr.ac6.mcu.externaltools.arm-none.win32_1.16.0.201807130628/tools/compiler/bin/../lib/gcc/arm-none-eabi/7.2.1/../../../../arm-none-eabi/lib/thumb/v7-m\libc.a(lib_a-sbrkr.o)
 .debug_frame   0x000025e0       0x5c c:/ac6/systemworkbench/plugins/fr.ac6.mcu.externaltools.arm-none.win32_1.16.0.201807130628/tools/compiler/bin/../lib/gcc/arm-none-eabi/7.2.1/../../../../arm-none-eabi/lib/thumb/v7-m\libc.a(lib_a-__call_atexit.o)
 .debug_frame   0x0000263c       0x20 c:/ac6/systemworkbench/plugins/fr.ac6.mcu.externaltools.arm-none.win32_1.16.0.201807130628/tools/compiler/bin/../lib/gcc/arm-none-eabi/7.2.1/../../../../arm-none-eabi/lib/thumb/v7-m\libc.a(lib_a-atexit.o)
 .debug_frame   0x0000265c       0x34 c:/ac6/systemworkbench/plugins/fr.ac6.mcu.externaltools.arm-none.win32_1.16.0.201807130628/tools/compiler/bin/../lib/gcc/arm-none-eabi/7.2.1/../../../../arm-none-eabi/lib/thumb/v7-m\libc.a(lib_a-fini.o)
 .debug_frame   0x00002690       0x80 c:/ac6/systemworkbench/plugins/fr.ac6.mcu.externaltools.arm-none.win32_1.16.0.201807130628/tools/compiler/bin/../lib/gcc/arm-none-eabi/7.2.1/../../../../arm-none-eabi/lib/thumb/v7-m\libc.a(lib_a-freer.o)
 .debug_frame   0x00002710       0xb0 c:/ac6/systemworkbench/plugins/fr.ac6.mcu.externaltools.arm-none.win32_1.16.0.201807130628/tools/compiler/bin/../lib/gcc/arm-none-eabi/7.2.1/../../../../arm-none-eabi/lib/thumb/v7-m\libc.a(lib_a-lock.o)
 .debug_frame   0x000027c0       0x68 c:/ac6/systemworkbench/plugins/fr.ac6.mcu.externaltools.arm-none.win32_1.16.0.201807130628/tools/compiler/bin/../lib/gcc/arm-none-eabi/7.2.1/../../../../arm-none-eabi/lib/thumb/v7-m\libc.a(lib_a-reent.o)
 .debug_frame   0x00002828       0x34 c:/ac6/systemworkbench/plugins/fr.ac6.mcu.externaltools.arm-none.win32_1.16.0.201807130628/tools/compiler/bin/../lib/gcc/arm-none-eabi/7.2.1/../../../../arm-none-eabi/lib/thumb/v7-m\libc.a(lib_a-__atexit.o)
